
> shadcn-astro-ink-landing-page@1.1.0 build D:\lakshyatangri_site\lakshyatangri.com
> astro build

[2m21:39:59[22m [34m[content][39m Syncing content
[33m[1m21:39:59[22m [WARN] [glob-loader][39m No entry type found for aws-solution-architecture-example.html
[2m21:39:59[22m [34m[content][39m Synced content
[2m21:39:59[22m [34m[types][39m Generated [2m616ms[22m
[2m21:39:59[22m [34m[build][39m output: [34m"static"[39m
[2m21:39:59[22m [34m[build][39m mode: [34m"static"[39m
[2m21:39:59[22m [34m[build][39m directory: [34mD:\lakshyatangri_site\lakshyatangri.com\dist\[39m
[2m21:39:59[22m [34m[build][39m Collecting build info...
[2m21:39:59[22m [34m[build][39m [32m✓ Completed in 655ms.[39m
[2m21:39:59[22m [34m[build][39m Building static entrypoints...
